"../../../Engine/Content/EditorResources/S_Actor.ubulk" 0
"../../../Engine/Content/EditorResources/S_Actor.uasset" 1
"../../../Engine/Content/EditorResources/S_Actor.uexp" 2
"../../../Engine/Content/EditorResources/S_BoxReflectionCapture.uasset" 3
"../../../Engine/Content/EditorResources/S_BoxReflectionCapture.uexp" 4
"../../../Engine/Content/EngineResources/DefaultTexture.ubulk" 5
"../../../Engine/Content/EngineResources/DefaultTexture.uasset" 6
"../../../Engine/Content/EngineResources/DefaultTexture.uexp" 7
"../../../Engine/Content/EngineResources/DefaultTextureCube.uasset" 8
"../../../Engine/Content/EngineResources/DefaultTextureCube.uexp" 9
"../../../Engine/Content/EngineResources/DefaultVolumeTexture2D.uasset" 10
"../../../Engine/Content/EngineResources/DefaultVolumeTexture2D.uexp" 11
"../../../Engine/Content/EngineResources/DefaultVolumeTexture.uasset" 12
"../../../Engine/Content/EngineResources/DefaultVolumeTexture.uexp" 13
"../../../Engine/Content/EditorResources/S_Trigger.ubulk" 14
"../../../Engine/Content/EditorResources/S_Trigger.uasset" 15
"../../../Engine/Content/EditorResources/S_Trigger.uexp" 16
"../../../Engine/Content/EditorResources/S_TriggerBox.uasset" 17
"../../../Engine/Content/EditorResources/S_TriggerBox.uexp" 18
"../../../Engine/Content/EditorResources/S_TriggerCapsule.uasset" 19
"../../../Engine/Content/EditorResources/S_TriggerCapsule.uexp" 20
"../../../Engine/Content/EditorResources/S_TriggerSphere.uasset" 21
"../../../Engine/Content/EditorResources/S_TriggerSphere.uexp" 22
"../../../Engine/Content/EngineMeshes/Sphere.uasset" 23
"../../../Engine/Content/EngineMeshes/Sphere.uexp" 24
"../../../Engine/Content/EngineResources/GradientTexture0.uasset" 25
"../../../Engine/Content/EngineResources/GradientTexture0.uexp" 26
"../../../Engine/Content/EngineResources/Black.uasset" 27
"../../../Engine/Content/EngineResources/Black.uexp" 28
"../../../Engine/Content/VREditor/LaserPointer/VR_LaserPower_01.ubulk" 29
"../../../Engine/Content/VREditor/LaserPointer/VR_LaserPower_01.uasset" 30
"../../../Engine/Content/VREditor/LaserPointer/VR_LaserPower_01.uexp" 31
"../../../Engine/Content/VREditor/TransformGizmo/TransformGizmoMaterial.uasset" 32
"../../../Engine/Content/VREditor/TransformGizmo/TransformGizmoMaterial.uexp" 33
"../../../Engine/Content/VREditor/TransformGizmo/TranslucentTransformGizmoMaterial.uasset" 34
"../../../Engine/Content/VREditor/TransformGizmo/TranslucentTransformGizmoMaterial.uexp" 35
"../../../Engine/Content/VREditor/TransformGizmo/PlaneTranslationHandle.uasset" 36
"../../../Engine/Content/VREditor/TransformGizmo/PlaneTranslationHandle.uexp" 37
"../../../Engine/Content/VREditor/TransformGizmo/BoundingBoxCorner.uasset" 38
"../../../Engine/Content/VREditor/TransformGizmo/BoundingBoxCorner.uexp" 39
"../../../Engine/Content/VREditor/TransformGizmo/BoundingBoxEdge.uasset" 40
"../../../Engine/Content/VREditor/TransformGizmo/BoundingBoxEdge.uexp" 41
"../../../Engine/Content/VREditor/TransformGizmo/Main.uasset" 42
"../../../Engine/Content/VREditor/TransformGizmo/Main.uexp" 43
"../../../Engine/Content/VREditor/TransformGizmo/Xray.uasset" 44
"../../../Engine/Content/VREditor/TransformGizmo/Xray.uexp" 45
"../../../Engine/Content/VREditor/TransformGizmo/SM_Sequencer_Node.uasset" 46
"../../../Engine/Content/VREditor/TransformGizmo/SM_Sequencer_Node.uexp" 47
"../../../Engine/Content/EditorMaterials/Camera/CineMat.uasset" 48
"../../../Engine/Content/EditorMaterials/Camera/CineMat.uexp" 49
"../../../Engine/Content/EditorMaterials/Camera/MI_CineMat_Rig.uasset" 50
"../../../Engine/Content/EditorMaterials/Camera/MI_CineMat_Rig.uexp" 51
"../../../Engine/Content/EditorMeshes/Camera/SM_CraneRig_Base.uasset" 52
"../../../Engine/Content/EditorMeshes/Camera/SM_CraneRig_Base.uexp" 53
"../../../Engine/Content/EditorMeshes/Camera/SM_CraneRig_Arm.uasset" 54
"../../../Engine/Content/EditorMeshes/Camera/SM_CraneRig_Arm.uexp" 55
"../../../Engine/Content/EditorMeshes/Camera/SM_CraneRig_Mount.uasset" 56
"../../../Engine/Content/EditorMeshes/Camera/SM_CraneRig_Mount.uexp" 57
"../../../Engine/Content/EditorMeshes/Camera/SM_CraneRig_Body.uasset" 58
"../../../Engine/Content/EditorMeshes/Camera/SM_CraneRig_Body.uexp" 59
"../../../Engine/Content/EditorMeshes/Camera/SM_RailRig_Track.uasset" 60
"../../../Engine/Content/EditorMeshes/Camera/SM_RailRig_Track.uexp" 61
"../../../Engine/Content/EditorMeshes/Camera/SM_RailRig_Mount.uasset" 62
"../../../Engine/Content/EditorMeshes/Camera/SM_RailRig_Mount.uexp" 63
"../../../Engine/Content/EngineMaterials/T_Default_Material_Grid_M.ubulk" 64
"../../../Engine/Content/EngineMaterials/T_Default_Material_Grid_M.uasset" 65
"../../../Engine/Content/EngineMaterials/T_Default_Material_Grid_M.uexp" 66
"../../../Engine/Content/EngineMaterials/T_Default_Material_Grid_N.ubulk" 67
"../../../Engine/Content/EngineMaterials/T_Default_Material_Grid_N.uasset" 68
"../../../Engine/Content/EngineMaterials/T_Default_Material_Grid_N.uexp" 69
"../../../Engine/Content/Functions/Engine_MaterialFunctions01/Opacity/CameraDepthFade.uasset" 70
"../../../Engine/Content/Functions/Engine_MaterialFunctions01/Opacity/CameraDepthFade.uexp" 71
"../../../Engine/Content/EngineMaterials/WorldGridMaterial.uasset" 72
"../../../Engine/Content/EngineMaterials/WorldGridMaterial.uexp" 73
"../../../Engine/Content/ArtTools/RenderToTexture/Meshes/S_1_Unit_Plane.uasset" 74
"../../../Engine/Content/ArtTools/RenderToTexture/Meshes/S_1_Unit_Plane.uexp" 75
"../../../Engine/Content/EditorMaterials/ParticleSystems/PSysThumbnail_NoImage.ubulk" 76
"../../../Engine/Content/EditorMaterials/ParticleSystems/PSysThumbnail_NoImage.uasset" 77
"../../../Engine/Content/EditorMaterials/ParticleSystems/PSysThumbnail_NoImage.uexp" 78
"../../../Engine/Content/EditorMaterials/ParticleSystems/PSysThumbnail_OOD.ubulk" 79
"../../../Engine/Content/EditorMaterials/ParticleSystems/PSysThumbnail_OOD.uasset" 80
"../../../Engine/Content/EditorMaterials/ParticleSystems/PSysThumbnail_OOD.uexp" 81
"../../../Engine/Content/EditorLandscapeResources/SplineEditorMeshMat.uasset" 82
"../../../Engine/Content/EditorLandscapeResources/SplineEditorMeshMat.uexp" 83
"../../../Engine/Content/EditorLandscapeResources/SplineEditorMesh.uasset" 84
"../../../Engine/Content/EditorLandscapeResources/SplineEditorMesh.uexp" 85
"../../../Engine/Content/EditorResources/S_Solver.ubulk" 86
"../../../Engine/Content/EditorResources/S_Solver.uasset" 87
"../../../Engine/Content/EditorResources/S_Solver.uexp" 88
"../../../Engine/Plugins/Media/MediaPlate/Content/SM_MediaPlateScreen.uasset" 89
"../../../Engine/Plugins/Media/MediaPlate/Content/SM_MediaPlateScreen.uexp" 90
"../../../Engine/Content/EngineMaterials/Good64x64TilingNoiseHighFreq.uasset" 91
"../../../Engine/Content/EngineMaterials/Good64x64TilingNoiseHighFreq.uexp" 92
"../../../Engine/Content/EngineMaterials/DefaultBokeh.uasset" 93
"../../../Engine/Content/EngineMaterials/DefaultBokeh.uexp" 94
"../../../Engine/Content/EngineMaterials/PreintegratedSkinBRDF.uasset" 95
"../../../Engine/Content/EngineMaterials/PreintegratedSkinBRDF.uexp" 96
"../../../Engine/Content/EngineMaterials/MiniFont.uasset" 97
"../../../Engine/Content/EngineMaterials/MiniFont.uexp" 98
"../../../Engine/Content/EngineMaterials/WeightMapPlaceholderTexture.uasset" 99
"../../../Engine/Content/EngineMaterials/WeightMapPlaceholderTexture.uexp" 100
"../../../Engine/Content/EngineMaterials/DefaultWhiteGrid.ubulk" 101
"../../../Engine/Content/EngineMaterials/DefaultWhiteGrid.uasset" 102
"../../../Engine/Content/EngineMaterials/DefaultWhiteGrid.uexp" 103
"../../../Engine/Plugins/2D/Paper2D/Content/PlaceholderTextures/DummySpriteTexture.ubulk" 104
"../../../Engine/Plugins/2D/Paper2D/Content/PlaceholderTextures/DummySpriteTexture.uasset" 105
"../../../Engine/Plugins/2D/Paper2D/Content/PlaceholderTextures/DummySpriteTexture.uexp" 106
"../../../Engine/Plugins/2D/Paper2D/Content/DefaultSpriteMaterial.uasset" 107
"../../../Engine/Plugins/2D/Paper2D/Content/DefaultSpriteMaterial.uexp" 108
"../../../Engine/Plugins/2D/Paper2D/Content/OpaqueUnlitSpriteMaterial.uasset" 109
"../../../Engine/Plugins/2D/Paper2D/Content/OpaqueUnlitSpriteMaterial.uexp" 110
"../../../Engine/Plugins/2D/Paper2D/Content/MaskedUnlitSpriteMaterial.uasset" 111
"../../../Engine/Plugins/2D/Paper2D/Content/MaskedUnlitSpriteMaterial.uexp" 112
"../../../Engine/Plugins/2D/Paper2D/Content/DummySprite.uasset" 113
"../../../Engine/Plugins/2D/Paper2D/Content/DummySprite.uexp" 114
"../../../Engine/Plugins/2D/Paper2D/Content/DefaultPaperTerrainMaterial.uasset" 115
"../../../Engine/Plugins/2D/Paper2D/Content/DefaultPaperTerrainMaterial.uexp" 116
"C:/Users/silve/OneDrive/Documents/Unreal Projects/MergeHouses/Content/Input/Actions/IA_Move.uasset" 117
"C:/Users/silve/OneDrive/Documents/Unreal Projects/MergeHouses/Content/Input/Actions/IA_Move.uexp" 118
"C:/Users/silve/OneDrive/Documents/Unreal Projects/MergeHouses/Content/Input/IMC_Gameplay.uasset" 119
"C:/Users/silve/OneDrive/Documents/Unreal Projects/MergeHouses/Content/Input/IMC_Gameplay.uexp" 120
"C:/Users/silve/OneDrive/Documents/Unreal Projects/MergeHouses/Content/Blueprints/BP_MergeTownPawn.uasset" 121
"C:/Users/silve/OneDrive/Documents/Unreal Projects/MergeHouses/Content/Blueprints/BP_MergeTownPawn.uexp" 122
"C:/Users/silve/OneDrive/Documents/Unreal Projects/MergeHouses/Content/Assets/Sound/SFX/Click_Cutted.ubulk" 123
"C:/Users/silve/OneDrive/Documents/Unreal Projects/MergeHouses/Content/Assets/Sound/SFX/Click_Cutted.uasset" 124
"C:/Users/silve/OneDrive/Documents/Unreal Projects/MergeHouses/Content/Assets/Sound/SFX/Click_Cutted.uexp" 125
"C:/Users/silve/OneDrive/Documents/Unreal Projects/MergeHouses/Content/Assets/Sound/SFX/Click_Cutted_Cue.uasset" 126
"C:/Users/silve/OneDrive/Documents/Unreal Projects/MergeHouses/Content/Assets/Sound/SFX/Click_Cutted_Cue.uexp" 127
"C:/Users/silve/OneDrive/Documents/Unreal Projects/MergeHouses/Content/Assets/Sound/BGM/BGM_Loop.ubulk" 128
"C:/Users/silve/OneDrive/Documents/Unreal Projects/MergeHouses/Content/Assets/Sound/BGM/BGM_Loop.uasset" 129
"C:/Users/silve/OneDrive/Documents/Unreal Projects/MergeHouses/Content/Assets/Sound/BGM/BGM_Loop.uexp" 130
"C:/Users/silve/OneDrive/Documents/Unreal Projects/MergeHouses/Content/Assets/Sound/BGM/BGM_Loop_Cue.uasset" 131
"C:/Users/silve/OneDrive/Documents/Unreal Projects/MergeHouses/Content/Assets/Sound/BGM/BGM_Loop_Cue.uexp" 132
"C:/Users/silve/OneDrive/Documents/Unreal Projects/MergeHouses/Content/Assets/Sound/SFX/Lose2.ubulk" 133
"C:/Users/silve/OneDrive/Documents/Unreal Projects/MergeHouses/Content/Assets/Sound/SFX/Lose2.uasset" 134
"C:/Users/silve/OneDrive/Documents/Unreal Projects/MergeHouses/Content/Assets/Sound/SFX/Lose2.uexp" 135
"C:/Users/silve/OneDrive/Documents/Unreal Projects/MergeHouses/Content/Assets/Sound/SFX/Lose2_Cue.uasset" 136
"C:/Users/silve/OneDrive/Documents/Unreal Projects/MergeHouses/Content/Assets/Sound/SFX/Lose2_Cue.uexp" 137
"C:/Users/silve/OneDrive/Documents/Unreal Projects/MergeHouses/Content/Assets/Images/Sound_Off_Icon_2.ubulk" 138
"C:/Users/silve/OneDrive/Documents/Unreal Projects/MergeHouses/Content/Assets/Images/Sound_Off_Icon_2.uasset" 139
"C:/Users/silve/OneDrive/Documents/Unreal Projects/MergeHouses/Content/Assets/Images/Sound_Off_Icon_2.uexp" 140
"C:/Users/silve/OneDrive/Documents/Unreal Projects/MergeHouses/Content/Assets/Images/Music_Off_Icon_2.ubulk" 141
"C:/Users/silve/OneDrive/Documents/Unreal Projects/MergeHouses/Content/Assets/Images/Music_Off_Icon_2.uasset" 142
"C:/Users/silve/OneDrive/Documents/Unreal Projects/MergeHouses/Content/Assets/Images/Music_Off_Icon_2.uexp" 143
"C:/Users/silve/OneDrive/Documents/Unreal Projects/MergeHouses/Content/Assets/Images/Menu_Icon.ubulk" 144
"C:/Users/silve/OneDrive/Documents/Unreal Projects/MergeHouses/Content/Assets/Images/Menu_Icon.uasset" 145
"C:/Users/silve/OneDrive/Documents/Unreal Projects/MergeHouses/Content/Assets/Images/Menu_Icon.uexp" 146
"C:/Users/silve/OneDrive/Documents/Unreal Projects/MergeHouses/Content/Assets/Images/Music_On_Icon_2.ubulk" 147
"C:/Users/silve/OneDrive/Documents/Unreal Projects/MergeHouses/Content/Assets/Images/Music_On_Icon_2.uasset" 148
"C:/Users/silve/OneDrive/Documents/Unreal Projects/MergeHouses/Content/Assets/Images/Music_On_Icon_2.uexp" 149
"C:/Users/silve/OneDrive/Documents/Unreal Projects/MergeHouses/Content/Assets/Images/Sound_On_Icon_2.ubulk" 150
"C:/Users/silve/OneDrive/Documents/Unreal Projects/MergeHouses/Content/Assets/Images/Sound_On_Icon_2.uasset" 151
"C:/Users/silve/OneDrive/Documents/Unreal Projects/MergeHouses/Content/Assets/Images/Sound_On_Icon_2.uexp" 152
"C:/Users/silve/OneDrive/Documents/Unreal Projects/MergeHouses/Content/Assets/Images/Button.uasset" 153
"C:/Users/silve/OneDrive/Documents/Unreal Projects/MergeHouses/Content/Assets/Images/Button.uexp" 154
"C:/Users/silve/OneDrive/Documents/Unreal Projects/MergeHouses/Content/Blueprints/UMG_MainWidget.uasset" 155
"C:/Users/silve/OneDrive/Documents/Unreal Projects/MergeHouses/Content/Blueprints/UMG_MainWidget.uexp" 156
"../../../Engine/Content/EngineFonts/Faces/RobotoLight.uexp" 157
"../../../Engine/Content/EngineFonts/Faces/RobotoLight.uasset" 158
"../../../Engine/Content/EngineFonts/Faces/RobotoLight.ufont" 159
"../../../Engine/Content/EngineFonts/Faces/RobotoBold.uexp" 160
"../../../Engine/Content/EngineFonts/Faces/RobotoBold.uasset" 161
"../../../Engine/Content/EngineFonts/Faces/RobotoBold.ufont" 162
"../../../Engine/Content/EngineFonts/Faces/RobotoRegular.uexp" 163
"../../../Engine/Content/EngineFonts/Faces/RobotoRegular.uasset" 164
"../../../Engine/Content/EngineFonts/Faces/RobotoRegular.ufont" 165
"../../../Engine/Content/EngineFonts/Faces/DroidSansFallback.uexp" 166
"../../../Engine/Content/EngineFonts/Faces/DroidSansFallback.uasset" 167
"../../../Engine/Content/EngineFonts/Faces/DroidSansFallback.ufont" 168
"../../../Engine/Content/EngineFonts/Faces/RobotoItalic.uexp" 169
"../../../Engine/Content/EngineFonts/Faces/RobotoItalic.uasset" 170
"../../../Engine/Content/EngineFonts/Faces/RobotoItalic.ufont" 171
"../../../Engine/Content/EngineFonts/Faces/RobotoBoldItalic.uexp" 172
"../../../Engine/Content/EngineFonts/Faces/RobotoBoldItalic.uasset" 173
"../../../Engine/Content/EngineFonts/Faces/RobotoBoldItalic.ufont" 174
"../../../Engine/Content/EngineFonts/Roboto.uasset" 175
"../../../Engine/Content/EngineFonts/Roboto.uexp" 176
"C:/Users/silve/OneDrive/Documents/Unreal Projects/MergeHouses/Content/Assets/Images/X_Icon.ubulk" 177
"C:/Users/silve/OneDrive/Documents/Unreal Projects/MergeHouses/Content/Assets/Images/X_Icon.uasset" 178
"C:/Users/silve/OneDrive/Documents/Unreal Projects/MergeHouses/Content/Assets/Images/X_Icon.uexp" 179
"C:/Users/silve/OneDrive/Documents/Unreal Projects/MergeHouses/Content/Blueprints/UMG_AuthorsWidget.uasset" 180
"C:/Users/silve/OneDrive/Documents/Unreal Projects/MergeHouses/Content/Blueprints/UMG_AuthorsWidget.uexp" 181
"C:/Users/silve/OneDrive/Documents/Unreal Projects/MergeHouses/Content/Blueprints/UMG_HowToPlayWidget.uasset" 182
"C:/Users/silve/OneDrive/Documents/Unreal Projects/MergeHouses/Content/Blueprints/UMG_HowToPlayWidget.uexp" 183
"C:/Users/silve/OneDrive/Documents/Unreal Projects/MergeHouses/Content/Assets/Sound/SFX/Merge3_Cutted.ubulk" 184
"C:/Users/silve/OneDrive/Documents/Unreal Projects/MergeHouses/Content/Assets/Sound/SFX/Merge3_Cutted.uasset" 185
"C:/Users/silve/OneDrive/Documents/Unreal Projects/MergeHouses/Content/Assets/Sound/SFX/Merge3_Cutted.uexp" 186
"C:/Users/silve/OneDrive/Documents/Unreal Projects/MergeHouses/Content/Assets/Sound/SFX/Merge3_Cutted_Cue.uasset" 187
"C:/Users/silve/OneDrive/Documents/Unreal Projects/MergeHouses/Content/Assets/Sound/SFX/Merge3_Cutted_Cue.uexp" 188
"C:/Users/silve/OneDrive/Documents/Unreal Projects/MergeHouses/Content/Assets/Images/How_To_Icon.ubulk" 189
"C:/Users/silve/OneDrive/Documents/Unreal Projects/MergeHouses/Content/Assets/Images/How_To_Icon.uasset" 190
"C:/Users/silve/OneDrive/Documents/Unreal Projects/MergeHouses/Content/Assets/Images/How_To_Icon.uexp" 191
"C:/Users/silve/OneDrive/Documents/Unreal Projects/MergeHouses/Content/Assets/Images/Authors_Icon.ubulk" 192
"C:/Users/silve/OneDrive/Documents/Unreal Projects/MergeHouses/Content/Assets/Images/Authors_Icon.uasset" 193
"C:/Users/silve/OneDrive/Documents/Unreal Projects/MergeHouses/Content/Assets/Images/Authors_Icon.uexp" 194
"C:/Users/silve/OneDrive/Documents/Unreal Projects/MergeHouses/Content/Blueprints/UMG_MainMenuWidget.uasset" 195
"C:/Users/silve/OneDrive/Documents/Unreal Projects/MergeHouses/Content/Blueprints/UMG_MainMenuWidget.uexp" 196
"C:/Users/silve/OneDrive/Documents/Unreal Projects/MergeHouses/Content/Blueprints/UMG_GameOverWidget.uasset" 197
"C:/Users/silve/OneDrive/Documents/Unreal Projects/MergeHouses/Content/Blueprints/UMG_GameOverWidget.uexp" 198
"C:/Users/silve/OneDrive/Documents/Unreal Projects/MergeHouses/Content/Assets/Sound/SFX/Move2.ubulk" 199
"C:/Users/silve/OneDrive/Documents/Unreal Projects/MergeHouses/Content/Assets/Sound/SFX/Move2.uasset" 200
"C:/Users/silve/OneDrive/Documents/Unreal Projects/MergeHouses/Content/Assets/Sound/SFX/Move2.uexp" 201
"C:/Users/silve/OneDrive/Documents/Unreal Projects/MergeHouses/Content/Assets/Sound/SFX/Move2_Cue.uasset" 202
"C:/Users/silve/OneDrive/Documents/Unreal Projects/MergeHouses/Content/Assets/Sound/SFX/Move2_Cue.uexp" 203
"C:/Users/silve/OneDrive/Documents/Unreal Projects/MergeHouses/Content/BP_MergeTownPlayerController.uasset" 204
"C:/Users/silve/OneDrive/Documents/Unreal Projects/MergeHouses/Content/BP_MergeTownPlayerController.uexp" 205
"C:/Users/silve/OneDrive/Documents/Unreal Projects/MergeHouses/Content/BP_MergeTownGameMode.uasset" 206
"C:/Users/silve/OneDrive/Documents/Unreal Projects/MergeHouses/Content/BP_MergeTownGameMode.uexp" 207
"C:/Users/silve/OneDrive/Documents/Unreal Projects/MergeHouses/Content/Assets/Meshes/Dioramas/M_DarkWood.uasset" 208
"C:/Users/silve/OneDrive/Documents/Unreal Projects/MergeHouses/Content/Assets/Meshes/Dioramas/M_DarkWood.uexp" 209
"C:/Users/silve/OneDrive/Documents/Unreal Projects/MergeHouses/Content/Assets/Meshes/Dioramas/M_Window_Shadow.uasset" 210
"C:/Users/silve/OneDrive/Documents/Unreal Projects/MergeHouses/Content/Assets/Meshes/Dioramas/M_Window_Shadow.uexp" 211
"C:/Users/silve/OneDrive/Documents/Unreal Projects/MergeHouses/Content/Assets/Meshes/Dioramas/M_Dirt.uasset" 212
"C:/Users/silve/OneDrive/Documents/Unreal Projects/MergeHouses/Content/Assets/Meshes/Dioramas/M_Dirt.uexp" 213
"C:/Users/silve/OneDrive/Documents/Unreal Projects/MergeHouses/Content/Assets/Meshes/Dioramas/M_Sand.uasset" 214
"C:/Users/silve/OneDrive/Documents/Unreal Projects/MergeHouses/Content/Assets/Meshes/Dioramas/M_Sand.uexp" 215
"C:/Users/silve/OneDrive/Documents/Unreal Projects/MergeHouses/Content/Assets/Meshes/Dioramas/M_Bush.uasset" 216
"C:/Users/silve/OneDrive/Documents/Unreal Projects/MergeHouses/Content/Assets/Meshes/Dioramas/M_Bush.uexp" 217
"C:/Users/silve/OneDrive/Documents/Unreal Projects/MergeHouses/Content/Assets/Meshes/Dioramas/M_Berry.uasset" 218
"C:/Users/silve/OneDrive/Documents/Unreal Projects/MergeHouses/Content/Assets/Meshes/Dioramas/M_Berry.uexp" 219
"C:/Users/silve/OneDrive/Documents/Unreal Projects/MergeHouses/Content/Assets/Meshes/Dioramas/M_Roof_Red.uasset" 220
"C:/Users/silve/OneDrive/Documents/Unreal Projects/MergeHouses/Content/Assets/Meshes/Dioramas/M_Roof_Red.uexp" 221
"C:/Users/silve/OneDrive/Documents/Unreal Projects/MergeHouses/Content/Assets/Meshes/Dioramas/M_Roof_Black.uasset" 222
"C:/Users/silve/OneDrive/Documents/Unreal Projects/MergeHouses/Content/Assets/Meshes/Dioramas/M_Roof_Black.uexp" 223
"C:/Users/silve/OneDrive/Documents/Unreal Projects/MergeHouses/Content/Assets/Meshes/Dioramas/M_Stone.uasset" 224
"C:/Users/silve/OneDrive/Documents/Unreal Projects/MergeHouses/Content/Assets/Meshes/Dioramas/M_Stone.uexp" 225
"C:/Users/silve/OneDrive/Documents/Unreal Projects/MergeHouses/Content/Assets/Meshes/Dioramas/M_Red.uasset" 226
"C:/Users/silve/OneDrive/Documents/Unreal Projects/MergeHouses/Content/Assets/Meshes/Dioramas/M_Red.uexp" 227
"C:/Users/silve/OneDrive/Documents/Unreal Projects/MergeHouses/Content/Assets/Meshes/Dioramas/M_Wood.uasset" 228
"C:/Users/silve/OneDrive/Documents/Unreal Projects/MergeHouses/Content/Assets/Meshes/Dioramas/M_Wood.uexp" 229
"C:/Users/silve/OneDrive/Documents/Unreal Projects/MergeHouses/Content/Assets/Meshes/Dioramas/M_White.uasset" 230
"C:/Users/silve/OneDrive/Documents/Unreal Projects/MergeHouses/Content/Assets/Meshes/Dioramas/M_White.uexp" 231
"C:/Users/silve/OneDrive/Documents/Unreal Projects/MergeHouses/Content/Assets/Meshes/Dioramas/Aim_White_001.uasset" 232
"C:/Users/silve/OneDrive/Documents/Unreal Projects/MergeHouses/Content/Assets/Meshes/Dioramas/Aim_White_001.uexp" 233
"C:/Users/silve/OneDrive/Documents/Unreal Projects/MergeHouses/Content/Assets/Meshes/Dioramas/M_Grass.uasset" 234
"C:/Users/silve/OneDrive/Documents/Unreal Projects/MergeHouses/Content/Assets/Meshes/Dioramas/M_Grass.uexp" 235
"C:/Users/silve/OneDrive/Documents/Unreal Projects/MergeHouses/Content/Assets/Meshes/Dioramas/M_Yellow.uasset" 236
"C:/Users/silve/OneDrive/Documents/Unreal Projects/MergeHouses/Content/Assets/Meshes/Dioramas/M_Yellow.uexp" 237
"C:/Users/silve/OneDrive/Documents/Unreal Projects/MergeHouses/Content/Assets/Meshes/Dioramas/M_Glass.uasset" 238
"C:/Users/silve/OneDrive/Documents/Unreal Projects/MergeHouses/Content/Assets/Meshes/Dioramas/M_Glass.uexp" 239
"C:/Users/silve/OneDrive/Documents/Unreal Projects/MergeHouses/Content/Assets/Meshes/Dioramas/M_Concrete.uasset" 240
"C:/Users/silve/OneDrive/Documents/Unreal Projects/MergeHouses/Content/Assets/Meshes/Dioramas/M_Concrete.uexp" 241
"C:/Users/silve/OneDrive/Documents/Unreal Projects/MergeHouses/Content/Assets/Meshes/Dioramas/Diorama10.uasset" 242
"C:/Users/silve/OneDrive/Documents/Unreal Projects/MergeHouses/Content/Assets/Meshes/Dioramas/Diorama10.uexp" 243
"C:/Users/silve/OneDrive/Documents/Unreal Projects/MergeHouses/Content/Assets/Meshes/Dioramas/M_Roof_Bronze.uasset" 244
"C:/Users/silve/OneDrive/Documents/Unreal Projects/MergeHouses/Content/Assets/Meshes/Dioramas/M_Roof_Bronze.uexp" 245
"C:/Users/silve/OneDrive/Documents/Unreal Projects/MergeHouses/Content/Assets/Meshes/Dioramas/M_Stone_001.uasset" 246
"C:/Users/silve/OneDrive/Documents/Unreal Projects/MergeHouses/Content/Assets/Meshes/Dioramas/M_Stone_001.uexp" 247
"C:/Users/silve/OneDrive/Documents/Unreal Projects/MergeHouses/Content/Assets/Meshes/Dioramas/M_Glass_001.uasset" 248
"C:/Users/silve/OneDrive/Documents/Unreal Projects/MergeHouses/Content/Assets/Meshes/Dioramas/M_Glass_001.uexp" 249
"C:/Users/silve/OneDrive/Documents/Unreal Projects/MergeHouses/Content/Assets/Meshes/Dioramas/M_Wood_001.uasset" 250
"C:/Users/silve/OneDrive/Documents/Unreal Projects/MergeHouses/Content/Assets/Meshes/Dioramas/M_Wood_001.uexp" 251
"C:/Users/silve/OneDrive/Documents/Unreal Projects/MergeHouses/Content/Assets/Meshes/Dioramas/M_DarkWood_001.uasset" 252
"C:/Users/silve/OneDrive/Documents/Unreal Projects/MergeHouses/Content/Assets/Meshes/Dioramas/M_DarkWood_001.uexp" 253
"C:/Users/silve/OneDrive/Documents/Unreal Projects/MergeHouses/Content/Assets/Meshes/Dioramas/Diorama11.uasset" 254
"C:/Users/silve/OneDrive/Documents/Unreal Projects/MergeHouses/Content/Assets/Meshes/Dioramas/Diorama11.uexp" 255
"C:/Users/silve/OneDrive/Documents/Unreal Projects/MergeHouses/Content/Assets/Meshes/Dioramas/M_Roof_Purple.uasset" 256
"C:/Users/silve/OneDrive/Documents/Unreal Projects/MergeHouses/Content/Assets/Meshes/Dioramas/M_Roof_Purple.uexp" 257
"C:/Users/silve/OneDrive/Documents/Unreal Projects/MergeHouses/Content/Assets/Meshes/Dioramas/M_Hay_Screed.uasset" 258
"C:/Users/silve/OneDrive/Documents/Unreal Projects/MergeHouses/Content/Assets/Meshes/Dioramas/M_Hay_Screed.uexp" 259
"C:/Users/silve/OneDrive/Documents/Unreal Projects/MergeHouses/Content/Assets/Meshes/Dioramas/M_Metal.uasset" 260
"C:/Users/silve/OneDrive/Documents/Unreal Projects/MergeHouses/Content/Assets/Meshes/Dioramas/M_Metal.uexp" 261
"C:/Users/silve/OneDrive/Documents/Unreal Projects/MergeHouses/Content/Assets/Meshes/Dioramas/M_Hay.uasset" 262
"C:/Users/silve/OneDrive/Documents/Unreal Projects/MergeHouses/Content/Assets/Meshes/Dioramas/M_Hay.uexp" 263
"C:/Users/silve/OneDrive/Documents/Unreal Projects/MergeHouses/Content/Assets/Meshes/Dioramas/Diorama5.uasset" 264
"C:/Users/silve/OneDrive/Documents/Unreal Projects/MergeHouses/Content/Assets/Meshes/Dioramas/Diorama5.uexp" 265
"C:/Users/silve/OneDrive/Documents/Unreal Projects/MergeHouses/Content/Assets/Meshes/Dioramas/M_Apple.uasset" 266
"C:/Users/silve/OneDrive/Documents/Unreal Projects/MergeHouses/Content/Assets/Meshes/Dioramas/M_Apple.uexp" 267
"C:/Users/silve/OneDrive/Documents/Unreal Projects/MergeHouses/Content/Assets/Meshes/Dioramas/M_Vase.uasset" 268
"C:/Users/silve/OneDrive/Documents/Unreal Projects/MergeHouses/Content/Assets/Meshes/Dioramas/M_Vase.uexp" 269
"C:/Users/silve/OneDrive/Documents/Unreal Projects/MergeHouses/Content/Assets/Meshes/Dioramas/M_Orange.uasset" 270
"C:/Users/silve/OneDrive/Documents/Unreal Projects/MergeHouses/Content/Assets/Meshes/Dioramas/M_Orange.uexp" 271
"C:/Users/silve/OneDrive/Documents/Unreal Projects/MergeHouses/Content/Assets/Meshes/Dioramas/M_Rope.uasset" 272
"C:/Users/silve/OneDrive/Documents/Unreal Projects/MergeHouses/Content/Assets/Meshes/Dioramas/M_Rope.uexp" 273
"C:/Users/silve/OneDrive/Documents/Unreal Projects/MergeHouses/Content/Assets/Meshes/Dioramas/M_Roof_Gold.uasset" 274
"C:/Users/silve/OneDrive/Documents/Unreal Projects/MergeHouses/Content/Assets/Meshes/Dioramas/M_Roof_Gold.uexp" 275
"C:/Users/silve/OneDrive/Documents/Unreal Projects/MergeHouses/Content/Assets/Meshes/Dioramas/M_Rope_001.uasset" 276
"C:/Users/silve/OneDrive/Documents/Unreal Projects/MergeHouses/Content/Assets/Meshes/Dioramas/M_Rope_001.uexp" 277
"C:/Users/silve/OneDrive/Documents/Unreal Projects/MergeHouses/Content/Assets/Meshes/Dioramas/Material.uasset" 278
"C:/Users/silve/OneDrive/Documents/Unreal Projects/MergeHouses/Content/Assets/Meshes/Dioramas/Material.uexp" 279
"C:/Users/silve/OneDrive/Documents/Unreal Projects/MergeHouses/Content/Assets/Meshes/Dioramas/M_Roof_Diamond.uasset" 280
"C:/Users/silve/OneDrive/Documents/Unreal Projects/MergeHouses/Content/Assets/Meshes/Dioramas/M_Roof_Diamond.uexp" 281
"C:/Users/silve/OneDrive/Documents/Unreal Projects/MergeHouses/Content/Assets/Meshes/Dioramas/Material_001.uasset" 282
"C:/Users/silve/OneDrive/Documents/Unreal Projects/MergeHouses/Content/Assets/Meshes/Dioramas/Material_001.uexp" 283
"C:/Users/silve/OneDrive/Documents/Unreal Projects/MergeHouses/Content/Assets/Meshes/Dioramas/M_Coins.uasset" 284
"C:/Users/silve/OneDrive/Documents/Unreal Projects/MergeHouses/Content/Assets/Meshes/Dioramas/M_Coins.uexp" 285
"C:/Users/silve/OneDrive/Documents/Unreal Projects/MergeHouses/Content/Assets/Meshes/Dioramas/Diorama15.uasset" 286
"C:/Users/silve/OneDrive/Documents/Unreal Projects/MergeHouses/Content/Assets/Meshes/Dioramas/Diorama15.uexp" 287
"C:/Users/silve/OneDrive/Documents/Unreal Projects/MergeHouses/Content/Assets/Meshes/Dioramas/Diorama0.uasset" 288
"C:/Users/silve/OneDrive/Documents/Unreal Projects/MergeHouses/Content/Assets/Meshes/Dioramas/Diorama0.uexp" 289
"C:/Users/silve/OneDrive/Documents/Unreal Projects/MergeHouses/Content/Assets/Meshes/Dioramas/M_Gold.uasset" 290
"C:/Users/silve/OneDrive/Documents/Unreal Projects/MergeHouses/Content/Assets/Meshes/Dioramas/M_Gold.uexp" 291
"C:/Users/silve/OneDrive/Documents/Unreal Projects/MergeHouses/Content/Assets/Meshes/Dioramas/M_Roof_Blue.uasset" 292
"C:/Users/silve/OneDrive/Documents/Unreal Projects/MergeHouses/Content/Assets/Meshes/Dioramas/M_Roof_Blue.uexp" 293
"C:/Users/silve/OneDrive/Documents/Unreal Projects/MergeHouses/Content/Assets/Meshes/Dioramas/M_Stick.uasset" 294
"C:/Users/silve/OneDrive/Documents/Unreal Projects/MergeHouses/Content/Assets/Meshes/Dioramas/M_Stick.uexp" 295
"C:/Users/silve/OneDrive/Documents/Unreal Projects/MergeHouses/Content/Assets/Meshes/Dioramas/Diorama4.uasset" 296
"C:/Users/silve/OneDrive/Documents/Unreal Projects/MergeHouses/Content/Assets/Meshes/Dioramas/Diorama4.uexp" 297
"C:/Users/silve/OneDrive/Documents/Unreal Projects/MergeHouses/Content/Assets/Meshes/Asphalt.uasset" 298
"C:/Users/silve/OneDrive/Documents/Unreal Projects/MergeHouses/Content/Assets/Meshes/Asphalt.uexp" 299
"C:/Users/silve/OneDrive/Documents/Unreal Projects/MergeHouses/Content/Assets/Meshes/Cells_Scale_Cell.uasset" 300
"C:/Users/silve/OneDrive/Documents/Unreal Projects/MergeHouses/Content/Assets/Meshes/Cells_Scale_Cell.uexp" 301
"C:/Users/silve/OneDrive/Documents/Unreal Projects/MergeHouses/Content/Assets/Meshes/Dioramas/Diorama13.uasset" 302
"C:/Users/silve/OneDrive/Documents/Unreal Projects/MergeHouses/Content/Assets/Meshes/Dioramas/Diorama13.uexp" 303
"C:/Users/silve/OneDrive/Documents/Unreal Projects/MergeHouses/Content/Assets/Meshes/Dioramas/M_Roof_Silver.uasset" 304
"C:/Users/silve/OneDrive/Documents/Unreal Projects/MergeHouses/Content/Assets/Meshes/Dioramas/M_Roof_Silver.uexp" 305
"C:/Users/silve/OneDrive/Documents/Unreal Projects/MergeHouses/Content/Assets/Meshes/Dioramas/Diorama12.uasset" 306
"C:/Users/silve/OneDrive/Documents/Unreal Projects/MergeHouses/Content/Assets/Meshes/Dioramas/Diorama12.uexp" 307
"C:/Users/silve/OneDrive/Documents/Unreal Projects/MergeHouses/Content/Assets/Meshes/Dioramas/M_Roof_Yellow.uasset" 308
"C:/Users/silve/OneDrive/Documents/Unreal Projects/MergeHouses/Content/Assets/Meshes/Dioramas/M_Roof_Yellow.uexp" 309
"C:/Users/silve/OneDrive/Documents/Unreal Projects/MergeHouses/Content/Assets/Meshes/Dioramas/Diorama3.uasset" 310
"C:/Users/silve/OneDrive/Documents/Unreal Projects/MergeHouses/Content/Assets/Meshes/Dioramas/Diorama3.uexp" 311
"C:/Users/silve/OneDrive/Documents/Unreal Projects/MergeHouses/Content/Assets/Meshes/Dioramas/M_Roof_Pink.uasset" 312
"C:/Users/silve/OneDrive/Documents/Unreal Projects/MergeHouses/Content/Assets/Meshes/Dioramas/M_Roof_Pink.uexp" 313
"C:/Users/silve/OneDrive/Documents/Unreal Projects/MergeHouses/Content/Assets/Meshes/Dioramas/Diorama7.uasset" 314
"C:/Users/silve/OneDrive/Documents/Unreal Projects/MergeHouses/Content/Assets/Meshes/Dioramas/Diorama7.uexp" 315
"C:/Users/silve/OneDrive/Documents/Unreal Projects/MergeHouses/Content/Assets/Meshes/Dioramas/M_Roof_Light_Blue.uasset" 316
"C:/Users/silve/OneDrive/Documents/Unreal Projects/MergeHouses/Content/Assets/Meshes/Dioramas/M_Roof_Light_Blue.uexp" 317
"C:/Users/silve/OneDrive/Documents/Unreal Projects/MergeHouses/Content/Assets/Meshes/Dioramas/Diorama8.uasset" 318
"C:/Users/silve/OneDrive/Documents/Unreal Projects/MergeHouses/Content/Assets/Meshes/Dioramas/Diorama8.uexp" 319
"C:/Users/silve/OneDrive/Documents/Unreal Projects/MergeHouses/Content/Assets/Meshes/Dioramas/Diorama1.uasset" 320
"C:/Users/silve/OneDrive/Documents/Unreal Projects/MergeHouses/Content/Assets/Meshes/Dioramas/Diorama1.uexp" 321
"C:/Users/silve/OneDrive/Documents/Unreal Projects/MergeHouses/Content/Assets/Meshes/Dioramas/M_Roof_Emerald.uasset" 322
"C:/Users/silve/OneDrive/Documents/Unreal Projects/MergeHouses/Content/Assets/Meshes/Dioramas/M_Roof_Emerald.uexp" 323
"C:/Users/silve/OneDrive/Documents/Unreal Projects/MergeHouses/Content/Assets/Meshes/Dioramas/Diorama14.uasset" 324
"C:/Users/silve/OneDrive/Documents/Unreal Projects/MergeHouses/Content/Assets/Meshes/Dioramas/Diorama14.uexp" 325
"C:/Users/silve/OneDrive/Documents/Unreal Projects/MergeHouses/Content/Assets/Meshes/Dioramas/M_DoorMetal.uasset" 326
"C:/Users/silve/OneDrive/Documents/Unreal Projects/MergeHouses/Content/Assets/Meshes/Dioramas/M_DoorMetal.uexp" 327
"C:/Users/silve/OneDrive/Documents/Unreal Projects/MergeHouses/Content/Assets/Meshes/Dioramas/Diorama2.uasset" 328
"C:/Users/silve/OneDrive/Documents/Unreal Projects/MergeHouses/Content/Assets/Meshes/Dioramas/Diorama2.uexp" 329
"C:/Users/silve/OneDrive/Documents/Unreal Projects/MergeHouses/Content/Assets/Meshes/Dioramas/M_Roof_Orange.uasset" 330
"C:/Users/silve/OneDrive/Documents/Unreal Projects/MergeHouses/Content/Assets/Meshes/Dioramas/M_Roof_Orange.uexp" 331
"C:/Users/silve/OneDrive/Documents/Unreal Projects/MergeHouses/Content/Assets/Meshes/Dioramas/Diorama6.uasset" 332
"C:/Users/silve/OneDrive/Documents/Unreal Projects/MergeHouses/Content/Assets/Meshes/Dioramas/Diorama6.uexp" 333
"C:/Users/silve/OneDrive/Documents/Unreal Projects/MergeHouses/Content/Assets/Meshes/Dioramas/M_Roof_White.uasset" 334
"C:/Users/silve/OneDrive/Documents/Unreal Projects/MergeHouses/Content/Assets/Meshes/Dioramas/M_Roof_White.uexp" 335
"C:/Users/silve/OneDrive/Documents/Unreal Projects/MergeHouses/Content/Assets/Meshes/Dioramas/Diorama9.uasset" 336
"C:/Users/silve/OneDrive/Documents/Unreal Projects/MergeHouses/Content/Assets/Meshes/Dioramas/Diorama9.uexp" 337
"C:/Users/silve/OneDrive/Documents/Unreal Projects/MergeHouses/Content/Blueprints/BP_BoardElement.uasset" 338
"C:/Users/silve/OneDrive/Documents/Unreal Projects/MergeHouses/Content/Blueprints/BP_BoardElement.uexp" 339
"C:/Users/silve/OneDrive/Documents/Unreal Projects/MergeHouses/Content/Blueprints/BP_GameBoard.uasset" 340
"C:/Users/silve/OneDrive/Documents/Unreal Projects/MergeHouses/Content/Blueprints/BP_GameBoard.uexp" 341
"../../../Engine/Content/Functions/Engine_MaterialFunctions02/WorldPositionOffset/CameraOffset.uasset" 342
"../../../Engine/Content/Functions/Engine_MaterialFunctions02/WorldPositionOffset/CameraOffset.uexp" 343
"../../../Engine/Plugins/Animation/ControlRig/Content/M_Manip.uasset" 344
"../../../Engine/Plugins/Animation/ControlRig/Content/M_Manip.uexp" 345
"../../../Engine/Content/Animation/DefaultRecorderBoneCompression.uasset" 346
"../../../Engine/Content/Animation/DefaultRecorderBoneCompression.uexp" 347
"../../../Engine/Content/EngineMaterials/DefaultMaterial.uasset" 348
"../../../Engine/Content/EngineMaterials/DefaultMaterial.uexp" 349
"../../../Engine/Content/BasicShapes/Sphere.uasset" 350
"../../../Engine/Content/BasicShapes/Sphere.uexp" 351
"../../../Engine/Content/BasicShapes/Plane.uasset" 352
"../../../Engine/Content/BasicShapes/Plane.uexp" 353
"../../../Engine/Content/BasicShapes/Cylinder.uasset" 354
"../../../Engine/Content/BasicShapes/Cylinder.uexp" 355
"../../../Engine/Content/BasicShapes/Cube.uasset" 356
"../../../Engine/Content/BasicShapes/Cube.uexp" 357
"../../../Engine/Content/BasicShapes/Cone.uasset" 358
"../../../Engine/Content/BasicShapes/Cone.uexp" 359
"../../../Engine/Content/EditorResources/S_Terrain.ubulk" 360
"../../../Engine/Content/EditorResources/S_Terrain.uasset" 361
"../../../Engine/Content/EditorResources/S_Terrain.uexp" 362
"../../../Engine/Plugins/Runtime/MeshModelingToolset/Content/Materials/M_DynamicMeshComponentVtxColor.uasset" 363
"../../../Engine/Plugins/Runtime/MeshModelingToolset/Content/Materials/M_DynamicMeshComponentVtxColor.uexp" 364
"../../../Engine/Plugins/Interchange/Runtime/Content/Pipelines/DefaultTexturePipeline.uasset" 365
"../../../Engine/Plugins/Interchange/Runtime/Content/Pipelines/DefaultTexturePipeline.uexp" 366
"../../../Engine/Plugins/Interchange/Runtime/Content/Pipelines/DefaultSceneLevelPipeline.uasset" 367
"../../../Engine/Plugins/Interchange/Runtime/Content/Pipelines/DefaultSceneLevelPipeline.uexp" 368
"../../../Engine/Plugins/Interchange/Runtime/Content/Pipelines/DefaultSceneAssetsPipeline.uasset" 369
"../../../Engine/Plugins/Interchange/Runtime/Content/Pipelines/DefaultSceneAssetsPipeline.uexp" 370
"../../../Engine/Plugins/Interchange/Runtime/Content/Pipelines/DefaultMaterialPipeline.uasset" 371
"../../../Engine/Plugins/Interchange/Runtime/Content/Pipelines/DefaultMaterialPipeline.uexp" 372
"../../../Engine/Plugins/Interchange/Runtime/Content/Pipelines/DefaultAssetsPipeline.uasset" 373
"../../../Engine/Plugins/Interchange/Runtime/Content/Pipelines/DefaultAssetsPipeline.uexp" 374
"../../../Engine/Plugins/Editor/SpeedTreeImporter/Content/SpeedTree9/game_wind_noise.ubulk" 375
"../../../Engine/Plugins/Editor/SpeedTreeImporter/Content/SpeedTree9/game_wind_noise.uasset" 376
"../../../Engine/Plugins/Editor/SpeedTreeImporter/Content/SpeedTree9/game_wind_noise.uexp" 377
"../../../Engine/Plugins/Editor/SpeedTreeImporter/Content/SpeedTree9/UnpackDirection.uasset" 378
"../../../Engine/Plugins/Editor/SpeedTreeImporter/Content/SpeedTree9/UnpackDirection.uexp" 379
"../../../Engine/Content/Functions/Engine_MaterialFunctions02/ObjectLocalBounds.uasset" 380
"../../../Engine/Content/Functions/Engine_MaterialFunctions02/ObjectLocalBounds.uexp" 381
"../../../Engine/Content/Functions/Engine_MaterialFunctions02/Utility/BreakOutFloat3Components.uasset" 382
"../../../Engine/Content/Functions/Engine_MaterialFunctions02/Utility/BreakOutFloat3Components.uexp" 383
"../../../Engine/Content/Functions/Engine_MaterialFunctions02/UVs/BoundingBoxBased_0-1_UVW.uasset" 384
"../../../Engine/Content/Functions/Engine_MaterialFunctions02/UVs/BoundingBoxBased_0-1_UVW.uexp" 385
"../../../Engine/Content/Functions/Engine_MaterialFunctions02/Utility/VectorLength.uasset" 386
"../../../Engine/Content/Functions/Engine_MaterialFunctions02/Utility/VectorLength.uexp" 387
"../../../Engine/Plugins/Editor/SpeedTreeImporter/Content/SpeedTree9/UnpackInteger3.uasset" 388
"../../../Engine/Plugins/Editor/SpeedTreeImporter/Content/SpeedTree9/UnpackInteger3.uexp" 389
"../../../Engine/Plugins/Editor/SpeedTreeImporter/Content/SpeedTree9/SpeedTreeCameraFacing.uasset" 390
"../../../Engine/Plugins/Editor/SpeedTreeImporter/Content/SpeedTree9/SpeedTreeCameraFacing.uexp" 391
"../../../Engine/Content/Functions/Engine_MaterialFunctions02/WorldPositionOffset/ObjectScale.uasset" 392
"../../../Engine/Content/Functions/Engine_MaterialFunctions02/WorldPositionOffset/ObjectScale.uexp" 393
"../../../Engine/Content/Functions/Engine_MaterialFunctions02/SafeNormalize.uasset" 394
"../../../Engine/Content/Functions/Engine_MaterialFunctions02/SafeNormalize.uexp" 395
"../../../Engine/Plugins/Editor/SpeedTreeImporter/Content/SpeedTree9/SpeedTreeWindMotion.uasset" 396
"../../../Engine/Plugins/Editor/SpeedTreeImporter/Content/SpeedTree9/SpeedTreeWindMotion.uexp" 397
"../../../Engine/Plugins/Editor/SpeedTreeImporter/Content/SpeedTree9/SpeedTreeBranchMotion.uasset" 398
"../../../Engine/Plugins/Editor/SpeedTreeImporter/Content/SpeedTree9/SpeedTreeBranchMotion.uexp" 399
"../../../Engine/Plugins/Editor/SpeedTreeImporter/Content/SpeedTree9/SpeedTreeWind.uasset" 400
"../../../Engine/Plugins/Editor/SpeedTreeImporter/Content/SpeedTree9/SpeedTreeWind.uexp" 401
"../../../Engine/Plugins/Editor/SpeedTreeImporter/Content/SpeedTree9/EmptyNormal.uasset" 402
"../../../Engine/Plugins/Editor/SpeedTreeImporter/Content/SpeedTree9/EmptyNormal.uexp" 403
"../../../Engine/Plugins/Editor/SpeedTreeImporter/Content/SpeedTree9/Empty.uasset" 404
"../../../Engine/Plugins/Editor/SpeedTreeImporter/Content/SpeedTree9/Empty.uexp" 405
"../../../Engine/Plugins/Editor/SpeedTreeImporter/Content/SpeedTree9/SpeedTreeMaster.uasset" 406
"../../../Engine/Plugins/Editor/SpeedTreeImporter/Content/SpeedTree9/SpeedTreeMaster.uexp" 407
"../../../Engine/Plugins/Editor/SpeedTreeImporter/Content/SpeedTree9/SpeedTreeBillboard.uasset" 408
"../../../Engine/Plugins/Editor/SpeedTreeImporter/Content/SpeedTree9/SpeedTreeBillboard.uexp" 409
"../../../Engine/Plugins/Editor/SpeedTreeImporter/Content/SpeedTree9/SpeedTreeBillboardMaster.uasset" 410
"../../../Engine/Plugins/Editor/SpeedTreeImporter/Content/SpeedTree9/SpeedTreeBillboardMaster.uexp" 411
"../../../Engine/Plugins/Animation/ControlRig/Content/Controls/DefaultGizmoLibraryNormalized.uasset" 412
"../../../Engine/Plugins/Animation/ControlRig/Content/Controls/DefaultGizmoLibraryNormalized.uexp" 413
"../../../Engine/Plugins/Animation/ControlRig/Content/Controls/ControlRig_Wedge_solid.uasset" 414
"../../../Engine/Plugins/Animation/ControlRig/Content/Controls/ControlRig_Wedge_solid.uexp" 415
"../../../Engine/Plugins/Animation/ControlRig/Content/Controls/ControlRig_Wedge_3mm.uasset" 416
"../../../Engine/Plugins/Animation/ControlRig/Content/Controls/ControlRig_Wedge_3mm.uexp" 417
"../../../Engine/Plugins/Animation/ControlRig/Content/Controls/ControlRig_Wedge_1mm.uasset" 418
"../../../Engine/Plugins/Animation/ControlRig/Content/Controls/ControlRig_Wedge_1mm.uexp" 419
"../../../Engine/Plugins/Animation/ControlRig/Content/Controls/ControlRig_Triangle_solid.uasset" 420
"../../../Engine/Plugins/Animation/ControlRig/Content/Controls/ControlRig_Triangle_solid.uexp" 421
"../../../Engine/Plugins/Animation/ControlRig/Content/Controls/ControlRig_Triangle_3mm.uasset" 422
"../../../Engine/Plugins/Animation/ControlRig/Content/Controls/ControlRig_Triangle_3mm.uexp" 423
"../../../Engine/Plugins/Animation/ControlRig/Content/Controls/ControlRig_Triangle_1mm.uasset" 424
"../../../Engine/Plugins/Animation/ControlRig/Content/Controls/ControlRig_Triangle_1mm.uexp" 425
"../../../Engine/Plugins/Animation/ControlRig/Content/Controls/ControlRig_Star4_solid.uasset" 426
"../../../Engine/Plugins/Animation/ControlRig/Content/Controls/ControlRig_Star4_solid.uexp" 427
"../../../Engine/Plugins/Animation/ControlRig/Content/Controls/ControlRig_Star4_3mm.uasset" 428
"../../../Engine/Plugins/Animation/ControlRig/Content/Controls/ControlRig_Star4_3mm.uexp" 429
"../../../Engine/Plugins/Animation/ControlRig/Content/Controls/ControlRig_Star4_1mm.uasset" 430
"../../../Engine/Plugins/Animation/ControlRig/Content/Controls/ControlRig_Star4_1mm.uexp" 431
"../../../Engine/Plugins/Animation/ControlRig/Content/Controls/ControlRig_Square_solid.uasset" 432
"../../../Engine/Plugins/Animation/ControlRig/Content/Controls/ControlRig_Square_solid.uexp" 433
"../../../Engine/Plugins/Animation/ControlRig/Content/Controls/ControlRig_Square_3mm.uasset" 434
"../../../Engine/Plugins/Animation/ControlRig/Content/Controls/ControlRig_Square_3mm.uexp" 435
"../../../Engine/Plugins/Animation/ControlRig/Content/Controls/ControlRig_Square_1mm.uasset" 436
"../../../Engine/Plugins/Animation/ControlRig/Content/Controls/ControlRig_Square_1mm.uexp" 437
"../../../Engine/Plugins/Animation/ControlRig/Content/Controls/ControlRig_Sphere_solid.uasset" 438
"../../../Engine/Plugins/Animation/ControlRig/Content/Controls/ControlRig_Sphere_solid.uexp" 439
"../../../Engine/Plugins/Animation/ControlRig/Content/Controls/ControlRig_Sphere_3mm.uasset" 440
"../../../Engine/Plugins/Animation/ControlRig/Content/Controls/ControlRig_Sphere_3mm.uexp" 441
"../../../Engine/Plugins/Animation/ControlRig/Content/Controls/ControlRig_Sphere_1mm.uasset" 442
"../../../Engine/Plugins/Animation/ControlRig/Content/Controls/ControlRig_Sphere_1mm.uexp" 443
"../../../Engine/Plugins/Animation/ControlRig/Content/Controls/ControlRig_RoundedTriangle_solid.uasset" 444
"../../../Engine/Plugins/Animation/ControlRig/Content/Controls/ControlRig_RoundedTriangle_solid.uexp" 445
"../../../Engine/Plugins/Animation/ControlRig/Content/Controls/ControlRig_RoundedTriangle_3mm.uasset" 446
"../../../Engine/Plugins/Animation/ControlRig/Content/Controls/ControlRig_RoundedTriangle_3mm.uexp" 447
"../../../Engine/Plugins/Animation/ControlRig/Content/Controls/ControlRig_RoundedTriangle_1mm.uasset" 448
"../../../Engine/Plugins/Animation/ControlRig/Content/Controls/ControlRig_RoundedTriangle_1mm.uexp" 449
"../../../Engine/Plugins/Animation/ControlRig/Content/Controls/ControlRig_RoundedSquare_solid.uasset" 450
"../../../Engine/Plugins/Animation/ControlRig/Content/Controls/ControlRig_RoundedSquare_solid.uexp" 451
"../../../Engine/Plugins/Animation/ControlRig/Content/Controls/ControlRig_RoundedSquare_3mm.uasset" 452
"../../../Engine/Plugins/Animation/ControlRig/Content/Controls/ControlRig_RoundedSquare_3mm.uexp" 453
"../../../Engine/Plugins/Animation/ControlRig/Content/Controls/ControlRig_RoundedSquare_1mm.uasset" 454
"../../../Engine/Plugins/Animation/ControlRig/Content/Controls/ControlRig_RoundedSquare_1mm.uexp" 455
"../../../Engine/Plugins/Animation/ControlRig/Content/Controls/ControlRig_QuarterCircle_solid.uasset" 456
"../../../Engine/Plugins/Animation/ControlRig/Content/Controls/ControlRig_QuarterCircle_solid.uexp" 457
"../../../Engine/Plugins/Animation/ControlRig/Content/Controls/ControlRig_QuarterCircle_3mm.uasset" 458
"../../../Engine/Plugins/Animation/ControlRig/Content/Controls/ControlRig_QuarterCircle_3mm.uexp" 459
"../../../Engine/Plugins/Animation/ControlRig/Content/Controls/ControlRig_QuarterCircle_1mm.uasset" 460
"../../../Engine/Plugins/Animation/ControlRig/Content/Controls/ControlRig_QuarterCircle_1mm.uexp" 461
"../../../Engine/Plugins/Animation/ControlRig/Content/Controls/ControlRig_Pyramid_solid.uasset" 462
"../../../Engine/Plugins/Animation/ControlRig/Content/Controls/ControlRig_Pyramid_solid.uexp" 463
"../../../Engine/Plugins/Animation/ControlRig/Content/Controls/ControlRig_Pyramid_3mm.uasset" 464
"../../../Engine/Plugins/Animation/ControlRig/Content/Controls/ControlRig_Pyramid_3mm.uexp" 465
"../../../Engine/Plugins/Animation/ControlRig/Content/Controls/ControlRig_Pyramid_1mm.uasset" 466
"../../../Engine/Plugins/Animation/ControlRig/Content/Controls/ControlRig_Pyramid_1mm.uexp" 467
"../../../Engine/Plugins/Animation/ControlRig/Content/Controls/ControlRig_Octagon_solid.uasset" 468
"../../../Engine/Plugins/Animation/ControlRig/Content/Controls/ControlRig_Octagon_solid.uexp" 469
"../../../Engine/Plugins/Animation/ControlRig/Content/Controls/ControlRig_Octagon_3mm.uasset" 470
"../../../Engine/Plugins/Animation/ControlRig/Content/Controls/ControlRig_Octagon_3mm.uexp" 471
"../../../Engine/Plugins/Animation/ControlRig/Content/Controls/ControlRig_Octagon_1mm.uasset" 472
"../../../Engine/Plugins/Animation/ControlRig/Content/Controls/ControlRig_Octagon_1mm.uexp" 473
"../../../Engine/Plugins/Animation/ControlRig/Content/Controls/ControlRig_Hexagon_solid.uasset" 474
"../../../Engine/Plugins/Animation/ControlRig/Content/Controls/ControlRig_Hexagon_solid.uexp" 475
"../../../Engine/Plugins/Animation/ControlRig/Content/Controls/ControlRig_Hexagon_3mm.uasset" 476
"../../../Engine/Plugins/Animation/ControlRig/Content/Controls/ControlRig_Hexagon_3mm.uexp" 477
"../../../Engine/Plugins/Animation/ControlRig/Content/Controls/ControlRig_Hexagon_1mm.uasset" 478
"../../../Engine/Plugins/Animation/ControlRig/Content/Controls/ControlRig_Hexagon_1mm.uexp" 479
"../../../Engine/Plugins/Animation/ControlRig/Content/Controls/ControlRig_HalfCircle_solid.uasset" 480
"../../../Engine/Plugins/Animation/ControlRig/Content/Controls/ControlRig_HalfCircle_solid.uexp" 481
"../../../Engine/Plugins/Animation/ControlRig/Content/Controls/ControlRig_HalfCircle_3mm.uasset" 482
"../../../Engine/Plugins/Animation/ControlRig/Content/Controls/ControlRig_HalfCircle_3mm.uexp" 483
"../../../Engine/Plugins/Animation/ControlRig/Content/Controls/ControlRig_HalfCircle_1mm.uasset" 484
"../../../Engine/Plugins/Animation/ControlRig/Content/Controls/ControlRig_HalfCircle_1mm.uexp" 485
"../../../Engine/Plugins/Animation/ControlRig/Content/Controls/ControlRig_Diamond_solid.uasset" 486
"../../../Engine/Plugins/Animation/ControlRig/Content/Controls/ControlRig_Diamond_solid.uexp" 487
"../../../Engine/Plugins/Animation/ControlRig/Content/Controls/ControlRig_Diamond_3mm.uasset" 488
"../../../Engine/Plugins/Animation/ControlRig/Content/Controls/ControlRig_Diamond_3mm.uexp" 489
"../../../Engine/Plugins/Animation/ControlRig/Content/Controls/ControlRig_Diamond_1mm.uasset" 490
"../../../Engine/Plugins/Animation/ControlRig/Content/Controls/ControlRig_Diamond_1mm.uexp" 491
"../../../Engine/Plugins/Animation/ControlRig/Content/Controls/ControlRig_Circle_solid.uasset" 492
"../../../Engine/Plugins/Animation/ControlRig/Content/Controls/ControlRig_Circle_solid.uexp" 493
"../../../Engine/Plugins/Animation/ControlRig/Content/Controls/ControlRig_Circle_3mm.uasset" 494
"../../../Engine/Plugins/Animation/ControlRig/Content/Controls/ControlRig_Circle_3mm.uexp" 495
"../../../Engine/Plugins/Animation/ControlRig/Content/Controls/ControlRig_Circle_1mm.uasset" 496
"../../../Engine/Plugins/Animation/ControlRig/Content/Controls/ControlRig_Circle_1mm.uexp" 497
"../../../Engine/Plugins/Animation/ControlRig/Content/Controls/ControlRig_Box_solid.uasset" 498
"../../../Engine/Plugins/Animation/ControlRig/Content/Controls/ControlRig_Box_solid.uexp" 499
"../../../Engine/Plugins/Animation/ControlRig/Content/Controls/ControlRig_Box_3mm.uasset" 500
"../../../Engine/Plugins/Animation/ControlRig/Content/Controls/ControlRig_Box_3mm.uexp" 501
"../../../Engine/Plugins/Animation/ControlRig/Content/Controls/ControlRig_Box_1mm.uasset" 502
"../../../Engine/Plugins/Animation/ControlRig/Content/Controls/ControlRig_Box_1mm.uexp" 503
"../../../Engine/Plugins/Animation/ControlRig/Content/Controls/ControlRig_Arrow_solid.uasset" 504
"../../../Engine/Plugins/Animation/ControlRig/Content/Controls/ControlRig_Arrow_solid.uexp" 505
"../../../Engine/Plugins/Animation/ControlRig/Content/Controls/ControlRig_Arrow_3mm.uasset" 506
"../../../Engine/Plugins/Animation/ControlRig/Content/Controls/ControlRig_Arrow_3mm.uexp" 507
"../../../Engine/Plugins/Animation/ControlRig/Content/Controls/ControlRig_Arrow_1mm.uasset" 508
"../../../Engine/Plugins/Animation/ControlRig/Content/Controls/ControlRig_Arrow_1mm.uexp" 509
"../../../Engine/Plugins/Animation/ControlRig/Content/Controls/ControlRig_Arrow4_solid.uasset" 510
"../../../Engine/Plugins/Animation/ControlRig/Content/Controls/ControlRig_Arrow4_solid.uexp" 511
"../../../Engine/Plugins/Animation/ControlRig/Content/Controls/ControlRig_Arrow4_3mm.uasset" 512
"../../../Engine/Plugins/Animation/ControlRig/Content/Controls/ControlRig_Arrow4_3mm.uexp" 513
"../../../Engine/Plugins/Animation/ControlRig/Content/Controls/ControlRig_Arrow4_1mm.uasset" 514
"../../../Engine/Plugins/Animation/ControlRig/Content/Controls/ControlRig_Arrow4_1mm.uexp" 515
"../../../Engine/Plugins/Animation/ControlRig/Content/Controls/ControlRig_Arrow2_solid.uasset" 516
"../../../Engine/Plugins/Animation/ControlRig/Content/Controls/ControlRig_Arrow2_solid.uexp" 517
"../../../Engine/Plugins/Animation/ControlRig/Content/Controls/ControlRig_Arrow2_3mm.uasset" 518
"../../../Engine/Plugins/Animation/ControlRig/Content/Controls/ControlRig_Arrow2_3mm.uexp" 519
"../../../Engine/Plugins/Animation/ControlRig/Content/Controls/ControlRig_Arrow2_1mm.uasset" 520
"../../../Engine/Plugins/Animation/ControlRig/Content/Controls/ControlRig_Arrow2_1mm.uexp" 521
"../../../Engine/Plugins/Animation/ControlRig/Content/Controls/ControlRigXRayMaterial.uasset" 522
"../../../Engine/Plugins/Animation/ControlRig/Content/Controls/ControlRigXRayMaterial.uexp" 523
"../../../Engine/Plugins/Animation/ControlRig/Content/Controls/ControlRigGizmoMaterial.uasset" 524
"../../../Engine/Plugins/Animation/ControlRig/Content/Controls/ControlRigGizmoMaterial.uexp" 525
"C:/Users/silve/OneDrive/Documents/Unreal Projects/MergeHouses/Content/Assets/Sound/SFX/Move.ubulk" 526
"C:/Users/silve/OneDrive/Documents/Unreal Projects/MergeHouses/Content/Assets/Sound/SFX/Move.uasset" 527
"C:/Users/silve/OneDrive/Documents/Unreal Projects/MergeHouses/Content/Assets/Sound/SFX/Move.uexp" 528
"C:/Users/silve/OneDrive/Documents/Unreal Projects/MergeHouses/Content/Assets/Sound/SFX/Move_Cue.uasset" 529
"C:/Users/silve/OneDrive/Documents/Unreal Projects/MergeHouses/Content/Assets/Sound/SFX/Move_Cue.uexp" 530
"C:/Users/silve/OneDrive/Documents/Unreal Projects/MergeHouses/Content/Assets/Sound/SFX/Merge.ubulk" 531
"C:/Users/silve/OneDrive/Documents/Unreal Projects/MergeHouses/Content/Assets/Sound/SFX/Merge.uasset" 532
"C:/Users/silve/OneDrive/Documents/Unreal Projects/MergeHouses/Content/Assets/Sound/SFX/Merge.uexp" 533
"C:/Users/silve/OneDrive/Documents/Unreal Projects/MergeHouses/Content/Assets/Sound/SFX/Merge_Cue.uasset" 534
"C:/Users/silve/OneDrive/Documents/Unreal Projects/MergeHouses/Content/Assets/Sound/SFX/Merge_Cue.uexp" 535
"C:/Users/silve/OneDrive/Documents/Unreal Projects/MergeHouses/Content/Assets/Images/Undo_Icon.ubulk" 536
"C:/Users/silve/OneDrive/Documents/Unreal Projects/MergeHouses/Content/Assets/Images/Undo_Icon.uasset" 537
"C:/Users/silve/OneDrive/Documents/Unreal Projects/MergeHouses/Content/Assets/Images/Undo_Icon.uexp" 538
"C:/Users/silve/OneDrive/Documents/Unreal Projects/MergeHouses/Content/Assets/Images/Sound_On_Icon.uasset" 539
"C:/Users/silve/OneDrive/Documents/Unreal Projects/MergeHouses/Content/Assets/Images/Sound_On_Icon.uexp" 540
"C:/Users/silve/OneDrive/Documents/Unreal Projects/MergeHouses/Content/Assets/Images/Sound_Off_Icon.uasset" 541
"C:/Users/silve/OneDrive/Documents/Unreal Projects/MergeHouses/Content/Assets/Images/Sound_Off_Icon.uexp" 542
"C:/Users/silve/OneDrive/Documents/Unreal Projects/MergeHouses/Content/Assets/Images/Remove_Icon_Active.ubulk" 543
"C:/Users/silve/OneDrive/Documents/Unreal Projects/MergeHouses/Content/Assets/Images/Remove_Icon_Active.uasset" 544
"C:/Users/silve/OneDrive/Documents/Unreal Projects/MergeHouses/Content/Assets/Images/Remove_Icon_Active.uexp" 545
"C:/Users/silve/OneDrive/Documents/Unreal Projects/MergeHouses/Content/Assets/Images/Remove_Icon.ubulk" 546
"C:/Users/silve/OneDrive/Documents/Unreal Projects/MergeHouses/Content/Assets/Images/Remove_Icon.uasset" 547
"C:/Users/silve/OneDrive/Documents/Unreal Projects/MergeHouses/Content/Assets/Images/Remove_Icon.uexp" 548
"C:/Users/silve/OneDrive/Documents/Unreal Projects/MergeHouses/Content/Assets/Images/Music_On_Icon.uasset" 549
"C:/Users/silve/OneDrive/Documents/Unreal Projects/MergeHouses/Content/Assets/Images/Music_On_Icon.uexp" 550
"C:/Users/silve/OneDrive/Documents/Unreal Projects/MergeHouses/Content/Assets/Images/Music_Off_Icon.uasset" 551
"C:/Users/silve/OneDrive/Documents/Unreal Projects/MergeHouses/Content/Assets/Images/Music_Off_Icon.uexp" 552
"C:/Users/silve/OneDrive/Documents/Unreal Projects/MergeHouses/Content/Assets/Images/Menu.ubulk" 553
"C:/Users/silve/OneDrive/Documents/Unreal Projects/MergeHouses/Content/Assets/Images/Menu.uasset" 554
"C:/Users/silve/OneDrive/Documents/Unreal Projects/MergeHouses/Content/Assets/Images/Menu.uexp" 555
"../../../Engine/Content/EngineSounds/Master.uasset" 556
"../../../Engine/Content/EngineSounds/Master.uexp" 557
"../../../Engine/Content/EngineSky/VolumetricClouds/CloudWeatherTexture.uasset" 558
"../../../Engine/Content/EngineSky/VolumetricClouds/CloudWeatherTexture.uexp" 559
"../../../Engine/Content/Functions/Engine_MaterialFunctions02/Utility/MakeFloat2.uasset" 560
"../../../Engine/Content/Functions/Engine_MaterialFunctions02/Utility/MakeFloat2.uexp" 561
"../../../Engine/Content/EngineSky/VolumetricClouds/CloudGradientTexture.uasset" 562
"../../../Engine/Content/EngineSky/VolumetricClouds/CloudGradientTexture.uexp" 563
"../../../Engine/Content/EngineSky/VolumetricClouds/T_NoiseShape64.ubulk" 564
"../../../Engine/Content/EngineSky/VolumetricClouds/T_NoiseShape64.uasset" 565
"../../../Engine/Content/EngineSky/VolumetricClouds/T_NoiseShape64.uexp" 566
"../../../Engine/Content/EngineSky/VolumetricClouds/T_VolumeNoiseShape64.uasset" 567
"../../../Engine/Content/EngineSky/VolumetricClouds/T_VolumeNoiseShape64.uexp" 568
"../../../Engine/Content/EngineSky/VolumetricClouds/T_NoiseErosion.ubulk" 569
"../../../Engine/Content/EngineSky/VolumetricClouds/T_NoiseErosion.uasset" 570
"../../../Engine/Content/EngineSky/VolumetricClouds/T_NoiseErosion.uexp" 571
"../../../Engine/Content/EngineSky/VolumetricClouds/T_VolumeNoiseErosion32.uasset" 572
"../../../Engine/Content/EngineSky/VolumetricClouds/T_VolumeNoiseErosion32.uexp" 573
"../../../Engine/Content/EngineSky/VolumetricClouds/m_SimpleVolumetricCloud.uasset" 574
"../../../Engine/Content/EngineSky/VolumetricClouds/m_SimpleVolumetricCloud.uexp" 575
"../../../Engine/Content/EngineSky/VolumetricClouds/m_SimpleVolumetricCloud_Inst.uasset" 576
"../../../Engine/Content/EngineSky/VolumetricClouds/m_SimpleVolumetricCloud_Inst.uexp" 577
"../../../Engine/Content/EngineResources/FilmGrains/Marcie_Grain_v3_128_M2_000.uasset" 578
"../../../Engine/Content/EngineResources/FilmGrains/Marcie_Grain_v3_128_M2_000.uexp" 579
"../../../Engine/Content/EngineResources/WhiteSquareTexture.uasset" 580
"../../../Engine/Content/EngineResources/WhiteSquareTexture.uexp" 581
"../../../Engine/Content/EngineMaterials/Widget3DPassThrough.uasset" 582
"../../../Engine/Content/EngineMaterials/Widget3DPassThrough.uexp" 583
"../../../Engine/Content/EngineMaterials/Widget3DPassThrough_Translucent.uasset" 584
"../../../Engine/Content/EngineMaterials/Widget3DPassThrough_Translucent.uexp" 585
"../../../Engine/Content/EngineMaterials/Widget3DPassThrough_Translucent_OneSided.uasset" 586
"../../../Engine/Content/EngineMaterials/Widget3DPassThrough_Translucent_OneSided.uexp" 587
"../../../Engine/Content/EngineMaterials/Widget3DPassThrough_Opaque.uasset" 588
"../../../Engine/Content/EngineMaterials/Widget3DPassThrough_Opaque.uexp" 589
"../../../Engine/Content/EngineMaterials/Widget3DPassThrough_Opaque_OneSided.uasset" 590
"../../../Engine/Content/EngineMaterials/Widget3DPassThrough_Opaque_OneSided.uexp" 591
"../../../Engine/Content/EngineMaterials/Widget3DPassThrough_Masked_OneSided.uasset" 592
"../../../Engine/Content/EngineMaterials/Widget3DPassThrough_Masked_OneSided.uexp" 593
"../../../Engine/Content/EngineMaterials/Widget3DPassThrough_Masked.uasset" 594
"../../../Engine/Content/EngineMaterials/Widget3DPassThrough_Masked.uexp" 595
"../../../Engine/Content/EngineMaterials/STBlueNoise_vec2_128x128x64.uasset" 596
"../../../Engine/Content/EngineMaterials/STBlueNoise_vec2_128x128x64.uexp" 597
"../../../Engine/Content/EngineMaterials/STBlueNoise_scalar_128x128x64.uasset" 598
"../../../Engine/Content/EngineMaterials/STBlueNoise_scalar_128x128x64.uexp" 599
"../../../Engine/Content/EngineMaterials/RemoveSurfaceMaterial.uasset" 600
"../../../Engine/Content/EngineMaterials/RemoveSurfaceMaterial.uexp" 601
"../../../Engine/Content/EngineMaterials/DefaultCalibrationGrayscale.uasset" 602
"../../../Engine/Content/EngineMaterials/DefaultCalibrationGrayscale.uexp" 603
"../../../Engine/Content/EngineMaterials/PPM_DefaultCalibrationGrayscale.uasset" 604
"../../../Engine/Content/EngineMaterials/PPM_DefaultCalibrationGrayscale.uexp" 605
"../../../Engine/Content/EngineMaterials/DefaultCalibrationColor.uasset" 606
"../../../Engine/Content/EngineMaterials/DefaultCalibrationColor.uexp" 607
"../../../Engine/Content/EngineMaterials/PPM_DefaultCalibrationColor.uasset" 608
"../../../Engine/Content/EngineMaterials/PPM_DefaultCalibrationColor.uexp" 609
"../../../Engine/Content/EngineMaterials/PhAT_JointLimitMaterial.uasset" 610
"../../../Engine/Content/EngineMaterials/PhAT_JointLimitMaterial.uexp" 611
"../../../Engine/Content/EngineMaterials/NaniteHiddenSectionMaterial.uasset" 612
"../../../Engine/Content/EngineMaterials/NaniteHiddenSectionMaterial.uexp" 613
"../../../Engine/Content/EngineMaterials/InvalidLightmapSettings.ubulk" 614
"../../../Engine/Content/EngineMaterials/InvalidLightmapSettings.uasset" 615
"../../../Engine/Content/EngineMaterials/InvalidLightmapSettings.uexp" 616
"../../../Engine/Content/EngineMaterials/M_InvalidLightmapSettings.uasset" 617
"../../../Engine/Content/EngineMaterials/M_InvalidLightmapSettings.uexp" 618
"../../../Engine/Content/EngineMaterials/GizmoMaterial.uasset" 619
"../../../Engine/Content/EngineMaterials/GizmoMaterial.uexp" 620
"../../../Engine/Content/EngineMaterials/BaseFlattenEmissiveMap_VT.uasset" 621
"../../../Engine/Content/EngineMaterials/BaseFlattenEmissiveMap_VT.uexp" 622
"../../../Engine/Content/EngineMaterials/BaseFlattenGrayscaleMap_VT.uasset" 623
"../../../Engine/Content/EngineMaterials/BaseFlattenGrayscaleMap_VT.uexp" 624
"../../../Engine/Content/EngineMaterials/BaseFlattenLinearColor_VT.uasset" 625
"../../../Engine/Content/EngineMaterials/BaseFlattenLinearColor_VT.uexp" 626
"../../../Engine/Content/EngineMaterials/Black_1x1_EXR_Texture_VT.uasset" 627
"../../../Engine/Content/EngineMaterials/Black_1x1_EXR_Texture_VT.uexp" 628
"../../../Engine/Content/EngineMaterials/BaseFlattenDiffuseMap_VT.uasset" 629
"../../../Engine/Content/EngineMaterials/BaseFlattenDiffuseMap_VT.uexp" 630
"../../../Engine/Content/EngineMaterials/BaseFlattenNormalMap_VT.uasset" 631
"../../../Engine/Content/EngineMaterials/BaseFlattenNormalMap_VT.uexp" 632
"../../../Engine/Content/EngineMaterials/FlattenMaterial_WS_Normal_VT.uasset" 633
"../../../Engine/Content/EngineMaterials/FlattenMaterial_WS_Normal_VT.uexp" 634
"../../../Engine/Content/EngineMaterials/FlattenMaterial_VT.uasset" 635
"../../../Engine/Content/EngineMaterials/FlattenMaterial_VT.uexp" 636
"../../../Engine/Content/EngineMaterials/BaseFlattenNormalMap.uasset" 637
"../../../Engine/Content/EngineMaterials/BaseFlattenNormalMap.uexp" 638
"../../../Engine/Content/EngineMaterials/BaseFlattenGrayscaleMap.uasset" 639
"../../../Engine/Content/EngineMaterials/BaseFlattenGrayscaleMap.uexp" 640
"../../../Engine/Content/EngineMaterials/BaseFlattenDiffuseMap.uasset" 641
"../../../Engine/Content/EngineMaterials/BaseFlattenDiffuseMap.uexp" 642
"../../../Engine/Content/Functions/Engine_MaterialFunctions02/PivotPainter2/Black_1x1_EXR_Texture.uasset" 643
"../../../Engine/Content/Functions/Engine_MaterialFunctions02/PivotPainter2/Black_1x1_EXR_Texture.uexp" 644
"../../../Engine/Content/EngineMaterials/BaseFlattenEmissiveMap.uasset" 645
"../../../Engine/Content/EngineMaterials/BaseFlattenEmissiveMap.uexp" 646
"../../../Engine/Content/EngineMaterials/BaseFlattenLinearColor.uasset" 647
"../../../Engine/Content/EngineMaterials/BaseFlattenLinearColor.uexp" 648
"../../../Engine/Content/EngineMaterials/FlattenMaterial.uasset" 649
"../../../Engine/Content/EngineMaterials/FlattenMaterial.uexp" 650
"../../../Engine/Content/EngineMaterials/DefaultWhiteGrid_Low.uasset" 651
"../../../Engine/Content/EngineMaterials/DefaultWhiteGrid_Low.uexp" 652
"../../../Engine/Content/EngineMaterials/EmissiveMeshMaterial.uasset" 653
"../../../Engine/Content/EngineMaterials/EmissiveMeshMaterial.uexp" 654
"../../../Engine/Content/EngineFonts/RobotoDistanceField.uasset" 655
"../../../Engine/Content/EngineFonts/RobotoDistanceField.uexp" 656
"../../../Engine/Content/EngineMaterials/DefaultTextMaterialOpaque.uasset" 657
"../../../Engine/Content/EngineMaterials/DefaultTextMaterialOpaque.uexp" 658
"../../../Engine/Content/EngineMaterials/DefaultDiffuse.ubulk" 659
"../../../Engine/Content/EngineMaterials/DefaultDiffuse.uasset" 660
"../../../Engine/Content/EngineMaterials/DefaultDiffuse.uexp" 661
"../../../Engine/Content/Functions/Engine_MaterialFunctions02/Utility/BreakOutFloat2Components.uasset" 662
"../../../Engine/Content/Functions/Engine_MaterialFunctions02/Utility/BreakOutFloat2Components.uexp" 663
"../../../Engine/Content/EngineMaterials/DefaultPostProcessMaterial.uasset" 664
"../../../Engine/Content/EngineMaterials/DefaultPostProcessMaterial.uexp" 665
"../../../Engine/Content/EngineMaterials/DefaultPhysicalMaterial.uasset" 666
"../../../Engine/Content/EngineMaterials/DefaultPhysicalMaterial.uexp" 667
"../../../Engine/Content/EngineMaterials/DefaultLightFunctionMaterial.uasset" 668
"../../../Engine/Content/EngineMaterials/DefaultLightFunctionMaterial.uexp" 669
"../../../Engine/Content/EngineMaterials/DefaultDestructiblePhysicalMaterial.uasset" 670
"../../../Engine/Content/EngineMaterials/DefaultDestructiblePhysicalMaterial.uexp" 671
"../../../Engine/Content/EngineMaterials/DefaultDeferredDecalMaterial.uasset" 672
"../../../Engine/Content/EngineMaterials/DefaultDeferredDecalMaterial.uexp" 673
"../../../Engine/Content/EngineMaterials/DefaultBloomKernel.uasset" 674
"../../../Engine/Content/EngineMaterials/DefaultBloomKernel.uexp" 675
"../../../Engine/Content/Functions/Engine_MaterialFunctions02/Utility/CameraDirectionVector.uasset" 676
"../../../Engine/Content/Functions/Engine_MaterialFunctions02/Utility/CameraDirectionVector.uexp" 677
"../../../Engine/Content/EngineDebugMaterials/VolumeToRender.uasset" 678
"../../../Engine/Content/EngineDebugMaterials/VolumeToRender.uexp" 679
"../../../Engine/Content/EngineDebugMaterials/M_VolumeRenderSphereTracePP.uasset" 680
"../../../Engine/Content/EngineDebugMaterials/M_VolumeRenderSphereTracePP.uexp" 681
"../../../Engine/Content/EngineDebugMaterials/M_SimpleUnlitTranslucent.uasset" 682
"../../../Engine/Content/EngineDebugMaterials/M_SimpleUnlitTranslucent.uexp" 683
"../../../Engine/Content/EngineDebugMaterials/DebugMeshMaterial.uasset" 684
"../../../Engine/Content/EngineDebugMaterials/DebugMeshMaterial.uexp" 685
"../../../Engine/Content/EngineDebugMaterials/DebugEditorMaterial.uasset" 686
"../../../Engine/Content/EngineDebugMaterials/DebugEditorMaterial.uexp" 687
"../../../Engine/Content/EngineDamageTypes/DmgTypeBP_Environmental.uasset" 688
"../../../Engine/Content/EngineDamageTypes/DmgTypeBP_Environmental.uexp" 689
"../../../Engine/Content/EditorResources/EmptyActor.uasset" 690
"../../../Engine/Content/EditorResources/EmptyActor.uexp" 691
"../../../Engine/Content/EditorResources/BSPVertex.uasset" 692
"../../../Engine/Content/EditorResources/BSPVertex.uexp" 693
"../../../Engine/Content/EditorResources/SequenceRecorder/RecordingIndicator.uasset" 694
"../../../Engine/Content/EditorResources/SequenceRecorder/RecordingIndicator.uexp" 695
"../../../Engine/Content/EditorResources/SequenceRecorder/Countdown.uasset" 696
"../../../Engine/Content/EditorResources/SequenceRecorder/Countdown.uexp" 697
"../../../Engine/Content/EditorMaterials/PreviewShadowIndicator.ubulk" 698
"../../../Engine/Content/EditorMaterials/PreviewShadowIndicator.uasset" 699
"../../../Engine/Content/EditorMaterials/PreviewShadowIndicator.uexp" 700
"../../../Engine/Content/EditorMaterials/PreviewShadowIndicatorMaterial.uasset" 701
"../../../Engine/Content/EditorMaterials/PreviewShadowIndicatorMaterial.uexp" 702
"../../../Engine/Content/EditorMaterials/PhAT_UnselectedMaterial.uasset" 703
"../../../Engine/Content/EditorMaterials/PhAT_UnselectedMaterial.uexp" 704
"../../../Engine/Content/EditorMaterials/PhAT_NoCollisionMaterial.uasset" 705
"../../../Engine/Content/EditorMaterials/PhAT_NoCollisionMaterial.uexp" 706
"../../../Engine/Content/EditorLandscapeResources/DefaultAlphaTexture.uasset" 707
"../../../Engine/Content/EditorLandscapeResources/DefaultAlphaTexture.uexp" 708
"../../../Engine/Content/EditorLandscapeResources/DataLayer.uasset" 709
"../../../Engine/Content/EditorLandscapeResources/DataLayer.uexp" 710
"C:/Users/silve/OneDrive/Documents/Unreal Projects/MergeHouses/Content/Assets/Sound/SFX/Merge2_Cutted.ubulk" 711
"C:/Users/silve/OneDrive/Documents/Unreal Projects/MergeHouses/Content/Assets/Sound/SFX/Merge2_Cutted.uasset" 712
"C:/Users/silve/OneDrive/Documents/Unreal Projects/MergeHouses/Content/Assets/Sound/SFX/Merge2_Cutted.uexp" 713
"C:/Users/silve/OneDrive/Documents/Unreal Projects/MergeHouses/Content/Assets/Sound/SFX/Merge2_Cutted_Cue.uasset" 714
"C:/Users/silve/OneDrive/Documents/Unreal Projects/MergeHouses/Content/Assets/Sound/SFX/Merge2_Cutted_Cue.uexp" 715
"C:/Users/silve/OneDrive/Documents/Unreal Projects/MergeHouses/Content/Assets/Sound/SFX/Merge2.ubulk" 716
"C:/Users/silve/OneDrive/Documents/Unreal Projects/MergeHouses/Content/Assets/Sound/SFX/Merge2.uasset" 717
"C:/Users/silve/OneDrive/Documents/Unreal Projects/MergeHouses/Content/Assets/Sound/SFX/Merge2.uexp" 718
"C:/Users/silve/OneDrive/Documents/Unreal Projects/MergeHouses/Content/Assets/Sound/SFX/Merge2_Cue.uasset" 719
"C:/Users/silve/OneDrive/Documents/Unreal Projects/MergeHouses/Content/Assets/Sound/SFX/Merge2_Cue.uexp" 720
"C:/Users/silve/OneDrive/Documents/Unreal Projects/MergeHouses/Content/Assets/Sound/SFX/Lose.ubulk" 721
"C:/Users/silve/OneDrive/Documents/Unreal Projects/MergeHouses/Content/Assets/Sound/SFX/Lose.uasset" 722
"C:/Users/silve/OneDrive/Documents/Unreal Projects/MergeHouses/Content/Assets/Sound/SFX/Lose.uexp" 723
"C:/Users/silve/OneDrive/Documents/Unreal Projects/MergeHouses/Content/Assets/Sound/SFX/Lose_Cue.uasset" 724
"C:/Users/silve/OneDrive/Documents/Unreal Projects/MergeHouses/Content/Assets/Sound/SFX/Lose_Cue.uexp" 725
"C:/Users/silve/OneDrive/Documents/Unreal Projects/MergeHouses/Content/Assets/Meshes/Dioramas/M_Roof_Green.uasset" 726
"C:/Users/silve/OneDrive/Documents/Unreal Projects/MergeHouses/Content/Assets/Meshes/Dioramas/M_Roof_Green.uexp" 727
"../../../Engine/Content/Functions/Engine_MaterialFunctions01/Shading/PowerToRoughness.uasset" 728
"../../../Engine/Content/Functions/Engine_MaterialFunctions01/Shading/PowerToRoughness.uexp" 729
"../../../Engine/Content/Functions/Engine_MaterialFunctions01/Shading/ConvertFromDiffSpec.uasset" 730
"../../../Engine/Content/Functions/Engine_MaterialFunctions01/Shading/ConvertFromDiffSpec.uexp" 731
"../../../Engine/Content/Maps/Entry_BuiltData.uasset" 732
"../../../Engine/Content/Maps/Entry_BuiltData.uexp" 733
"../../../Engine/Content/Maps/Entry.uexp" 734
"../../../Engine/Content/Maps/Entry.umap" 735
"../../../Engine/Content/EngineSky/T_Sky_Stars.ubulk" 736
"../../../Engine/Content/EngineSky/T_Sky_Stars.uasset" 737
"../../../Engine/Content/EngineSky/T_Sky_Stars.uexp" 738
"../../../Engine/Content/EngineSky/T_Sky_Clouds_M.ubulk" 739
"../../../Engine/Content/EngineSky/T_Sky_Clouds_M.uasset" 740
"../../../Engine/Content/EngineSky/T_Sky_Clouds_M.uexp" 741
"../../../Engine/Content/EngineSky/T_Sky_Blue.ubulk" 742
"../../../Engine/Content/EngineSky/T_Sky_Blue.uasset" 743
"../../../Engine/Content/EngineSky/T_Sky_Blue.uexp" 744
"../../../Engine/Content/EngineSky/M_Sky_Panning_Clouds2.uasset" 745
"../../../Engine/Content/EngineSky/M_Sky_Panning_Clouds2.uexp" 746
"../../../Engine/Content/EngineSky/SM_SkySphere.uasset" 747
"../../../Engine/Content/EngineSky/SM_SkySphere.uexp" 748
"C:/Users/silve/OneDrive/Documents/Unreal Projects/MergeHouses/Content/Assets/Meshes/Table/Material_001.uasset" 749
"C:/Users/silve/OneDrive/Documents/Unreal Projects/MergeHouses/Content/Assets/Meshes/Table/Material_001.uexp" 750
"C:/Users/silve/OneDrive/Documents/Unreal Projects/MergeHouses/Content/Assets/Meshes/Table/Table.uasset" 751
"C:/Users/silve/OneDrive/Documents/Unreal Projects/MergeHouses/Content/Assets/Meshes/Table/Table.uexp" 752
"C:/Users/silve/OneDrive/Documents/Unreal Projects/MergeHouses/Content/Blueprints/BP_Table.uasset" 753
"C:/Users/silve/OneDrive/Documents/Unreal Projects/MergeHouses/Content/Blueprints/BP_Table.uexp" 754
"../../../Engine/Content/EngineSky/M_SimpleSkyDome.uasset" 755
"../../../Engine/Content/EngineSky/M_SimpleSkyDome.uexp" 756
"../../../Engine/Content/Animation/DefaultAnimCurveCompressionSettings.uasset" 757
"../../../Engine/Content/Animation/DefaultAnimCurveCompressionSettings.uexp" 758
"C:/Users/silve/OneDrive/Documents/Unreal Projects/MergeHouses/Content/Assets/Meshes/TableTopBoard/TableTopBoard_Skeleton.uasset" 759
"C:/Users/silve/OneDrive/Documents/Unreal Projects/MergeHouses/Content/Assets/Meshes/TableTopBoard/TableTopBoard_Skeleton.uexp" 760
"../../../Engine/Content/Animation/DefaultAnimBoneCompressionSettings.uasset" 761
"../../../Engine/Content/Animation/DefaultAnimBoneCompressionSettings.uexp" 762
"C:/Users/silve/OneDrive/Documents/Unreal Projects/MergeHouses/Content/Assets/Meshes/TableTopBoard/TableTopBoard_Anim_Open.uasset" 763
"C:/Users/silve/OneDrive/Documents/Unreal Projects/MergeHouses/Content/Assets/Meshes/TableTopBoard/TableTopBoard_Anim_Open.uexp" 764
"C:/Users/silve/OneDrive/Documents/Unreal Projects/MergeHouses/Content/Assets/Meshes/TableTopBoard/TableTopBoard_Anim_Close.uasset" 765
"C:/Users/silve/OneDrive/Documents/Unreal Projects/MergeHouses/Content/Assets/Meshes/TableTopBoard/TableTopBoard_Anim_Close.uexp" 766
"C:/Users/silve/OneDrive/Documents/Unreal Projects/MergeHouses/Content/Blueprints/Animations/ABP_TableTopBoard.uasset" 767
"C:/Users/silve/OneDrive/Documents/Unreal Projects/MergeHouses/Content/Blueprints/Animations/ABP_TableTopBoard.uexp" 768
"C:/Users/silve/OneDrive/Documents/Unreal Projects/MergeHouses/Content/Assets/Meshes/TableTopBoard/Wood.uasset" 769
"C:/Users/silve/OneDrive/Documents/Unreal Projects/MergeHouses/Content/Assets/Meshes/TableTopBoard/Wood.uexp" 770
"C:/Users/silve/OneDrive/Documents/Unreal Projects/MergeHouses/Content/Assets/Meshes/TableTopBoard/TableTopBoard_PhysicsAsset.uasset" 771
"C:/Users/silve/OneDrive/Documents/Unreal Projects/MergeHouses/Content/Assets/Meshes/TableTopBoard/TableTopBoard_PhysicsAsset.uexp" 772
"C:/Users/silve/OneDrive/Documents/Unreal Projects/MergeHouses/Content/Assets/Meshes/TableTopBoard/TableTopBoard.uasset" 773
"C:/Users/silve/OneDrive/Documents/Unreal Projects/MergeHouses/Content/Assets/Meshes/TableTopBoard/TableTopBoard.uexp" 774
"C:/Users/silve/OneDrive/Documents/Unreal Projects/MergeHouses/Content/Blueprints/BP_TableTopBoard.uasset" 775
"C:/Users/silve/OneDrive/Documents/Unreal Projects/MergeHouses/Content/Blueprints/BP_TableTopBoard.uexp" 776
"C:/Users/silve/OneDrive/Documents/Unreal Projects/MergeHouses/Content/Levels/Map_Main.uexp" 777
"C:/Users/silve/OneDrive/Documents/Unreal Projects/MergeHouses/Content/Levels/Map_Main.umap" 778
